Value already exists at row 2 and column 4, use --force to force insert
