Value already exists at row 3 and column 1, use --force to force insert
